\set ECHO none
CREATE EXTENSION tab_tier;
CREATE SCHEMA tiertest;
SET search_path TO tiertest;
CREATE TABLE tier_test (foo INT, dt TIMESTAMP WITH TIME ZONE);
INSERT INTO tier_test
SELECT a.id, '2016-12-15'::DATE - (a.id::TEXT || 'd')::INTERVAL
  FROM generate_series(1, 200) a (id);
SELECT tab_tier.register_tier_root('tiertest', 'tier_test', 'dt');
 register_tier_root 
--------------------
 
(1 row)

SELECT tab_tier.bootstrap_tier_parts('tiertest', 'tier_test', TRUE);
 bootstrap_tier_parts 
----------------------
 
(1 row)

SELECT tablename
  FROM pg_tables
 WHERE schemaname = 'tiertest';
       tablename       
-----------------------
 tier_test
 tier_test_part_201605
 tier_test_part_201606
 tier_test_part_201607
 tier_test_part_201608
 tier_test_part_201609
 tier_test_part_201610
 tier_test_part_201611
 tier_test_part_201612
(9 rows)

ROLLBACK;
