\set ECHO none
CREATE EXTENSION tab_tier;
CREATE SCHEMA tiertest;
SET search_path TO tiertest;
CREATE TABLE tier_test (foo INT, dt TIMESTAMP WITH TIME ZONE);
INSERT INTO tier_test
SELECT a.id, '2016-12-15'::DATE - (a.id::TEXT || 'd')::INTERVAL
  FROM generate_series(1, 200) a (id);
SELECT tab_tier.register_tier_root('tiertest', 'tier_test', 'dt');
 register_tier_root 
--------------------
 
(1 row)

SELECT tab_tier.bootstrap_tier_parts('tiertest', 'tier_test');
 bootstrap_tier_parts 
----------------------
 
(1 row)

SELECT tab_tier.migrate_all_tiers();
 migrate_all_tiers 
-------------------
 
(1 row)

SELECT count(*) FROM ONLY tier_test;
 count 
-------
   187
(1 row)

ROLLBACK;
